d            crc=n/a      000000
f 119546b    crc=b670960c 000000/out.csv
